******************************************************************************
               TMS320C6x Linker PC v7.4.2                      
******************************************************************************
>> Linked Mon May 27 23:47:26 2013

OUTPUT FILE NAME:   <fooBar.out>
ENTRY POINT SYMBOL: "_c_int00"  address: 0000f500


MEMORY CONFIGURATION

         name            origin    length      used     unused   attr    fill
----------------------  --------  ---------  --------  --------  ----  --------
  IRAM                  00000000   00040000  000162d4  00029d2c  RWIX
  SDRAM                 80000000   01000000  00000000  01000000  RWIX
  FLASH                 90000000   00040000  00000000  00040000  RWIX


SECTION ALLOCATION MAP

 output                                  attributes/
section   page    origin      length       input sections
--------  ----  ----------  ----------   ----------------
.vecs      0    00000000    00000200     
                  00000000    00000200     Vectors_intr.obj (.vecs)

.bss       0    00000000    00000000     UNINITIALIZED

.data      0    00000000    00000000     UNINITIALIZED

.text      0    00000200    0000fd20     
                  00000200    00000d40     rts6200.lib : powf.obj (.text:_powf)
                  00000f40    00000c80     convert.obj (.text)
                  00001bc0    00000780     main.obj (.text)
                  00002340    00000740     rts6200.lib : divd.obj (.text:__divd)
                  00002a80    00000700                 : _printfi.obj (.text:__getarg_diouxp)
                  00003180    00000640                 : sin.obj (.text:_sin)
                  000037c0    000005e0                 : _printfi.obj (.text:__setfield)
                  00003da0    00000560                 : _printfi.obj (.text:__printfi)
                  00004300    00000520                 : _printfi.obj (.text:_fcvt)
                  00004820    00000520                 : fputs.obj (.text:_fputs)
                  00004d40    000004e0                 : _printfi.obj (.text:_ecvt)
                  00005220    000004c0                 : divf.obj (.text:__divf)
                  000056e0    000004c0                 : _printfi.obj (.text:__pproc_fge)
                  00005ba0    00000480     dsk6713bsl.lib : dsk6713.obj (.text)
                  00006020    00000440     rts6200.lib : addf.obj (.text:__addf)
                  00006460    00000440                 : _printfi.obj (.text:__pconv_e)
                  000068a0    000003e0                 : fread.obj (.text:_fread)
                  00006c80    000003a0                 : imath64.obj (.text:__divull)
                  00007020    00000380                 : _printfi.obj (.text:__pproc_fwp)
                  000073a0    00000380                 : memory.obj (.text:_free)
                  00007720    00000320                 : frcaddd.obj (.text:__frcaddd)
                  00007a40    00000320                 : mpyd.obj (.text:__mpyd)
                  00007d60    00000320     dsk6713bsl.lib : dsk6713_aic23_opencodec.obj (.text)
                  00008080    00000300     rts6200.lib : addd.obj (.text:__addd)
                  00008380    00000300                 : _printfi.obj (.text:__pproc_diouxp)
                  00008680    000002e0                 : _printfi.obj (.text:__pproc_str)
                  00008960    000002e0                 : fputc.obj (.text:_fputc)
                  00008c40    000002e0                 : setvbuf.obj (.text:_setvbuf)
                  00008f20    00000260                 : imath40.obj (.text:__divul)
                  00009180    00000260                 : mpyf.obj (.text:__mpyf)
                  000093e0    00000260                 : lowlev.obj (.text:_open)
                  00009640    00000240                 : _printfi.obj (.text:__mcpy)
                  00009880    00000240                 : fopen.obj (.text:__openfile)
                  00009ac0    00000240                 : memory.obj (.text:_malloc)
                  00009d00    00000240                 : memcpy62.obj (.text:_memcpy)
                  00009f40    00000220                 : trgdrv.obj (.text:_HOSTrename)
                  0000a160    00000220                 : ftell.obj (.text:_ftell)
                  0000a380    00000220                 : ldexpf.obj (.text:_ldexpf)
                  0000a5a0    00000220     notes.obj (.text)
                  0000a7c0    00000200     rts6200.lib : _printfi.obj (.text:__pconv_g)
                  0000a9c0    00000200                 : frexpf.obj (.text:_frexpf)
                  0000abc0    000001e0                 : fseek.obj (.text:_fseek)
                  0000ada0    000001e0                 : lowlev.obj (.text:_getdevice)
                  0000af80    000001c0     csl6713.lib : csl_irq.obj (.text:_IRQ_map)
                  0000b140    000001c0     rts6200.lib : _printfi.obj (.text:__ltostr)
                  0000b300    000001a0     csl6713.lib : csl_mcbsp.obj (.text:_MCBSP_reset)
                  0000b4a0    000001a0     rts6200.lib : round.obj (.text:__nround)
                  0000b640    000001a0                 : _printfi.obj (.text:__pproc_fflags)
                  0000b7e0    000001a0     dsk6713bsl.lib : dsk6713_led.obj (.text)
                  0000b980    00000180     rts6200.lib : fclose.obj (.text:__closefile)
                  0000bb00    00000180                 : fopen.obj (.text:__search_fp)
                  0000bc80    00000160                 : trgdrv.obj (.text:_HOSTlseek)
                  0000bde0    00000160                 : _bufread.obj (.text:__buff_read)
                  0000bf40    00000160                 : frcmpyd_div.obj (.text:__frcmpyd_div)
                  0000c0a0    00000160     dsk6713bsl.lib : dsk6713_aic23_registers.obj (.text)
                  0000c200    00000140     rts6200.lib : trgdrv.obj (.text:_HOSTread)
                  0000c340    00000140                 : frcmpyd.obj (.text:__frcmpyd)
                  0000c480    00000140                 : roundf.obj (.text:__roundf)
                  0000c5c0    00000140                 : atoi.obj (.text:_atoi)
                  0000c700    00000140                 : ltoa.obj (.text:_ltoa)
                  0000c840    00000120                 : trgdrv.obj (.text:_HOSTopen)
                  0000c960    00000120                 : trgdrv.obj (.text:_HOSTwrite)
                  0000ca80    00000120                 : _io_perm.obj (.text:__wrt_ok)
                  0000cba0    00000120                 : lowlev.obj (.text:_close)
                  0000ccc0    00000120                 : fprintf.obj (.text:_fprintf)
                  0000cde0    00000120                 : memset.obj (.text:_memset)
                  0000cf00    00000120                 : printf.obj (.text:_printf)
                  0000d020    00000100                 : trgdrv.obj (.text:_HOSTclose)
                  0000d120    00000100                 : trgdrv.obj (.text:_HOSTunlink)
                  0000d220    00000100     csl6713.lib : csl_mcbsp.obj (.text:_MCBSP_open)
                  0000d320    00000100                 : csl_mcbsp.obj (.text:_MCBSP_start)
                  0000d420    00000100     rts6200.lib : autoinit.obj (.text:__auto_init)
                  0000d520    00000100                 : cmpd.obj (.text:__cmpd)
                  0000d620    00000100                 : _printfi.obj (.text:__div)
                  0000d720    00000100                 : imath40.obj (.text:__divli)
                  0000d820    00000100                 : _printfi.obj (.text:__pconv_f)
                  0000d920    00000100                 : lowlev.obj (.text:_lseek)
                  0000da20    00000100                 : lowlev.obj (.text:_read)
                  0000db20    00000100                 : lowlev.obj (.text:_write)
                  0000dc20    000000e0                 : fopen.obj (.text:__cleanup)
                  0000dd00    000000e0                 : fflush.obj (.text:__doflush)
                  0000dde0    000000e0                 : _printfi.obj (.text:__ecpy)
                  0000dec0    000000e0                 : _printfi.obj (.text:__fcpy)
                  0000dfa0    000000e0                 : _io_perm.obj (.text:__rd_ok)
                  0000e080    000000e0                 : strasg.obj (.text:__strasg)
                  0000e160    000000e0                 : exit.obj (.text:_exit)
                  0000e240    000000e0                 : memory.obj (.text:_minsert)
                  0000e320    000000e0                 : modf.obj (.text:_modf)
                  0000e400    000000e0                 : memory.obj (.text:_mremove)
                  0000e4e0    000000c0                 : cvtdf.obj (.text:__cvtdf)
                  0000e5a0    000000c0                 : divu.obj (.text:__divu)
                  0000e660    000000c0                 : fixdi.obj (.text:__fixdi)
                  0000e720    000000c0                 : imath40.obj (.text:__remli)
                  0000e7e0    000000c0                 : cpy_tbl.obj (.text:_copy_in)
                  0000e8a0    000000c0                 : lowlev.obj (.text:_finddevice)
                  0000e960    000000c0     dsk6713bsl.lib : dsk6713_aic23_setfreq.obj (.text)
                  0000ea20    000000a0     csl6713.lib : csl_mcbsp.obj (.text:_MCBSP_config)
                  0000eac0    000000a0     rts6200.lib : cmpf.obj (.text:__cmpf)
                  0000eb60    000000a0                 : fixdli.obj (.text:__fixdli)
                  0000ec00    000000a0                 : fixfi.obj (.text:__fixfi)
                  0000eca0    000000a0                 : fixfu.obj (.text:__fixfu)
                  0000ed40    000000a0                 : llshift.obj (.text:__llshl)
                  0000ede0    000000a0                 : mpyll.obj (.text:__mpyll)
                  0000ee80    000000a0                 : renormd.obj (.text:__renormd)
                  0000ef20    000000a0                 : fopen.obj (.text:_fopen)
                  0000efc0    000000a0                 : modff.obj (.text:_modff)
                  0000f060    000000a0                 : trgmsg.obj (.text:_readmsg)
                  0000f100    000000a0     csl6713.lib : csl_irq.obj (.text:_setMux)
                  0000f1a0    000000a0     rts6200.lib : lowlev.obj (.text:_tabinit)
                  0000f240    000000a0                 : lowlev.obj (.text:_unlink)
                  0000f2e0    000000a0                 : trgmsg.obj (.text:_writemsg)
                  0000f380    00000080                 : cpp_init.obj (.text:___TI_cpp_init)
                  0000f400    00000080                 : fltlid.obj (.text:__fltlid)
                  0000f480    00000080                 : llshift.obj (.text:__llshru)
                  0000f500    00000080                 : boot.obj (.text:_c_int00)
                  0000f580    00000080                 : fclose.obj (.text:_fclose)
                  0000f600    00000080                 : memccpy.obj (.text:_memccpy)
                  0000f680    00000080                 : memcmp.obj (.text:_memcmp)
                  0000f700    00000080     dsk6713bsl.lib : dsk6713_aic23_write.obj (.text)
                  0000f780    00000080                    : dsk6713_dip.obj (.text)
                  0000f800    00000060     rts6200.lib : isinf.obj (.text:___isinf)
                  0000f860    00000060                 : _printfi.obj (.text:___isnan)
                  0000f8c0    00000060                 : cvtfd.obj (.text:__cvtfd)
                  0000f920    00000060                 : fltid.obj (.text:__fltid)
                  0000f980    00000060                 : fltif.obj (.text:__fltif)
                  0000f9e0    00000060                 : frcmpyf.obj (.text:__frcmpyf)
                  0000fa40    00000060                 : imath64.obj (.text:__subcull)
                  0000faa0    00000060                 : subd.obj (.text:__subd)
                  0000fb00    00000060     dsk6713bsl.lib : dsk6713_aic23_read.obj (.text)
                  0000fb60    00000040     rts6200.lib : args_main.obj (.text:__args_main)
                  0000fba0    00000040                 : fltuf.obj (.text:__fltuf)
                  0000fbe0    00000040                 : frcmpyf_div.obj (.text:__frcmpyf_div)
                  0000fc20    00000040                 : negd.obj (.text:__negd)
                  0000fc60    00000040                 : negf.obj (.text:__negf)
                  0000fca0    00000040                 : subf.obj (.text:__subf)
                  0000fce0    00000040                 : trunc.obj (.text:__trunc)
                  0000fd20    00000040                 : truncf.obj (.text:__truncf)
                  0000fd60    00000020     Vectors_intr.obj (.text)
                  0000fd80    00000020     csl6713.lib : csl_irq.obj (.text:_IRQ_setVecs)
                  0000fda0    00000020                 : csl_mcbsp.obj (.text:_MCBSP_write)
                  0000fdc0    00000020     rts6200.lib : negll.obj (.text:__negll)
                  0000fde0    00000020                 : _lock.obj (.text:__nop)
                  0000fe00    00000020                 : fprintf.obj (.text:__outc)
                  0000fe20    00000020                 : printf.obj (.text:__outc)
                  0000fe40    00000020                 : fprintf.obj (.text:__outs)
                  0000fe60    00000020                 : printf.obj (.text:__outs)
                  0000fe80    00000020                 : exit.obj (.text:_abort)
                  0000fea0    00000020                 : remove.obj (.text:_remove)
                  0000fec0    00000020                 : rewind.obj (.text:_rewind)
                  0000fee0    00000020     csl6713.lib : csl_irq.obj (.text)
                  0000ff00    00000020     main.obj (.text:retain)

.far       0    0000ff20    000045bc     UNINITIALIZED
                  0000ff20    00003ef9     main.obj (.far)
                  00013e19    00000001     --HOLE--
                  00013e1a    00000002     dsk6713bsl.lib : dsk6713.obj (.far)
                  00013e1c    00000324     rts6200.lib : defs.obj (.far)
                  00014140    0000011c                 : lowlev.obj (.far)
                  0001425c    000000f4     csl6713.lib : csl_irq.obj (.far)
                  00014350    00000074     rts6200.lib : powf.obj (.far)
                  000143c4    00000004                 : errno.obj (.far)
                  000143c8    00000040                 : sin.obj (.far)
                  00014408    00000038     csl6713.lib : csl_mcbsp.obj (.far)
                  00014440    00000028     dsk6713bsl.lib : dsk6713_aic23_registers.obj (.far)
                  00014468    00000020                    : dsk6713_aic23_setfreq.obj (.far)
                  00014488    00000015     convert.obj (.far)
                  0001449d    00000001     --HOLE--
                  0001449e    00000002     dsk6713bsl.lib : dsk6713_led.obj (.far)
                  000144a0    0000000c     rts6200.lib : exit.obj (.far)
                  000144ac    0000000a     notes.obj (.far)
                  000144b6    00000002     --HOLE--
                  000144b8    00000008     dsk6713bsl.lib : dsk6713_aic23_opencodec.obj (.far)
                  000144c0    00000008     rts6200.lib : _lock.obj (.far)
                  000144c8    00000008                 : memory.obj (.far)
                  000144d0    00000008                 : trgdrv.obj (.far)
                  000144d8    00000004                 : fopen.obj (.far)

.sysmem    0    000144e0    00001000     UNINITIALIZED
                  000144e0    00000008     rts6200.lib : memory.obj (.sysmem)
                  000144e8    00000ff8     --HOLE--

.cinit     0    000154e0    0000053c     
                  000154e0    0000012c     csl6713.lib : csl_irq.obj (.cinit)
                  0001560c    00000004     --HOLE-- [fill = 0]
                  00015610    000000d1     main.obj (.cinit)
                  000156e1    00000007     --HOLE-- [fill = 0]
                  000156e8    0000009c     rts6200.lib : powf.obj (.cinit)
                  00015784    00000004     --HOLE-- [fill = 0]
                  00015788    0000005c                 : defs.obj (.cinit)
                  000157e4    00000004     --HOLE-- [fill = 0]
                  000157e8    0000005c                 : lowlev.obj (.cinit)
                  00015844    00000004     --HOLE-- [fill = 0]
                  00015848    00000054     csl6713.lib : csl_mcbsp.obj (.cinit)
                  0001589c    00000004     --HOLE-- [fill = 0]
                  000158a0    00000048     rts6200.lib : sin.obj (.cinit)
                  000158e8    00000030     dsk6713bsl.lib : dsk6713_aic23_registers.obj (.cinit)
                  00015918    0000002c     rts6200.lib : exit.obj (.cinit)
                  00015944    00000004     --HOLE-- [fill = 0]
                  00015948    0000002c                 : memory.obj (.cinit)
                  00015974    00000004     --HOLE-- [fill = 0]
                  00015978    00000028     dsk6713bsl.lib : dsk6713_aic23_setfreq.obj (.cinit)
                  000159a0    00000021     convert.obj (.cinit)
                  000159c1    00000007     --HOLE-- [fill = 0]
                  000159c8    0000001c     rts6200.lib : _lock.obj (.cinit)
                  000159e4    00000004     --HOLE-- [fill = 0]
                  000159e8    0000000c                 : errno.obj (.cinit)
                  000159f4    00000004     --HOLE-- [fill = 0]
                  000159f8    0000000c                 : fopen.obj (.cinit)
                  00015a04    00000004     --HOLE-- [fill = 0]
                  00015a08    00000009     notes.obj (.cinit)
                  00015a11    00000007     --HOLE-- [fill = 0]
                  00015a18    00000004     (.pad.cinit) [fill = 0]

.stack     0    00015a20    00000400     UNINITIALIZED
                  00015a20    00000008     rts6200.lib : boot.obj (.stack)
                  00015a28    000003f8     --HOLE--

.const     0    00015e20    0000039c     
                  00015e20    00000190     convert.obj (.const:.string)
                  00015fb0    00000101     rts6200.lib : ctype.obj (.const:.string:__ctypes_)
                  000160b1    00000002                 : fputs.obj (.const:.string)
                  000160b3    00000001     --HOLE-- [fill = 0]
                  000160b4    0000006c     main.obj (.const:.string)
                  00016120    00000040     dsk6713bsl.lib : dsk6713_aic23_opencodec.obj (.const)
                  00016160    00000023     rts6200.lib : _printfi.obj (.const:.string)
                  00016183    00000001     --HOLE-- [fill = 0]
                  00016184    00000020     dsk6713bsl.lib : dsk6713.obj (.const)
                  000161a4    00000008     rts6200.lib : divd.obj (.const:.string:_initial_approx$1)
                  000161ac    00000008                 : divf.obj (.const:.string:_initial_approx$1)
                  000161b4    00000004     convert.obj (.const:.string:_HEADER_CHUNK)
                  000161b8    00000004     convert.obj (.const:.string:_TRACK_CHUNK)

.cio       0    000161bc    00000120     UNINITIALIZED
                  000161bc    00000120     rts6200.lib : trgmsg.obj (.cio)


GLOBAL SYMBOLS: SORTED ALPHABETICALLY BY Name 

address    name
--------   ----
00000000   $bss
00000000   .bss
00000000   .data
00000200   .text
0000fe80   C$$EXIT
0000f358   C$$IO$$
0000ff28   _AIC23CfgData
0000ff20   _AIC_data
000144b8   _DSK6713_AIC23_codeccontrolhandle
000144bc   _DSK6713_AIC23_codecdatahandle
0000c160   _DSK6713_AIC23_config
00007d60   _DSK6713_AIC23_openCodec
0000fb00   _DSK6713_AIC23_read
0000c13c   _DSK6713_AIC23_rget
0000c0a0   _DSK6713_AIC23_rset
0000e960   _DSK6713_AIC23_setFreq
0000f700   _DSK6713_AIC23_write
0000f788   _DSK6713_DIP_get
0000f780   _DSK6713_DIP_init
0000b7e0   _DSK6713_LED_init
0000b808   _DSK6713_LED_off
0000b864   _DSK6713_LED_on
0000b8c0   _DSK6713_LED_toggle
00005fb4   _DSK6713_getVersion
00005bec   _DSK6713_init
00005f08   _DSK6713_rget
00005f1c   _DSK6713_rset
00013e1a   _DSK6713_version
00005f30   _DSK6713_wait
00005f88   _DSK6713_waitusec
0000ff90   _FreqDivider
0000d020   _HOSTclose
0000bc80   _HOSTlseek
0000c840   _HOSTopen
0000c200   _HOSTread
00009f40   _HOSTrename
0000d120   _HOSTunlink
0000c960   _HOSTwrite
0000af80   _IRQ_map
0000fd80   _IRQ_setVecs
0000ea20   _MCBSP_config
0000d220   _MCBSP_open
0000b300   _MCBSP_reset
0000d320   _MCBSP_start
0000fda0   _MCBSP_write
000161bc   __CIOBUF_
00014348   __IRQ_dispatchTable
00014284   __IRQ_eventTable
0000fee0   __IRQ_hookFetchPacket
00014308   __IRQ_intTable
00014438   __MCBSP_hDev0
0001443c   __MCBSP_hDev1
00015e20   __STACK_END
00000400   __STACK_SIZE
00001000   __SYSMEM_SIZE
00000001   __TI_args_main
0000f380   ___TI_cpp_init
000144a8   ___TI_enable_exit_profile_output
ffffffff   ___TI_pprof_out_hndl
ffffffff   ___TI_prof_data_size
ffffffff   ___TI_prof_data_start
ffffffff   ___binit__
00000000   ___bss__
ffffffff   ___c_args__
000154e0   ___cinit__
00000000   ___data__
00000000   ___edata__
00000000   ___end__
0000ff20   ___etext__
0000f800   ___isinf
ffffffff   ___pinit__
00000200   ___text__
00008080   __addd
00006020   __addf
0000fb60   __args_main
0000d420   __auto_init
0000bde0   __buff_read
0000e5a0   __c6xabi_divu
0000dc20   __cleanup
000144a0   __cleanup_ptr
0000b980   __closefile
0000d520   __cmpd
0000eac0   __cmpf
00015fb0   __ctypes_
0000e4e0   __cvtdf
0000f8c0   __cvtfd
00002340   __divd
00005220   __divf
0000d720   __divli
0000e5a0   __divu
00008f20   __divul
00006c80   __divull
0000dd00   __doflush
000144a4   __dtors_ptr
0000e660   __fixdi
0000eb60   __fixdli
0000ec00   __fixfi
0000eca0   __fixfu
0000f920   __fltid
0000f980   __fltif
0000f400   __fltlid
0000fba0   __fltuf
00007720   __frcaddd
0000c340   __frcmpyd
0000bf40   __frcmpyd_div
0000f9e0   __frcmpyf
0000fbe0   __frcmpyf_div
0001413c   __ft_end
00013e1c   __ftable
0000ed40   __llshl
0000f480   __llshru
000144c0   __lock
00007a40   __mpyd
00009180   __mpyf
0000ede0   __mpyll
0000fc20   __negd
0000fc60   __negf
0000fdc0   __negll
0000fde0   __nop
0000b4a0   __nround
00003da0   __printfi
0000dfa0   __rd_ok
0000e720   __remli
0000ee80   __renormd
0000c480   __roundf
00015a20   __stack
0000e080   __strasg
0000fa40   __subcull
0000faa0   __subd
0000fca0   __subf
000144e0   __sys_memory
00013ffc   __tmpnams
0000fce0   __trunc
0000fd20   __truncf
000144c4   __unlock
0000ca80   __wrt_ok
0000fe80   _abort
0000c5c0   _atoi
0000f500   _c_int00
0000ff00   _c_int11
0000cba0   _close
0000ff48   _config
00001bc0   _control_time
00000f40   _convertHeader
000016e4   _convertMidi
000013d8   _convertTrack
0000e7e0   _copy_in
0000ff7e   _counter
0000a680   _create_lut_sinus
0000a5a0   _create_note
000143c4   _errno
0000ff7c   _eventId1
0000e160   _exit
0000f580   _fclose
00014498   _first
0000ef20   _fopen
0000ccc0   _fprintf
00008960   _fputc
00004820   _fputs
000068a0   _fread
000073a0   _free
0000a9c0   _frexpf
0000ff78   _fs
0000abc0   _fseek
0000a160   _ftell
0000ff70   _hAIC23_handle
0000ff74   _hCodec
0000ff80   _index
00001be8   _interupt_config
00014494   _last
0000a380   _ldexpf
0000d920   _lseek
0000c700   _ltoa
00001db8   _main
00009ac0   _malloc
0000f600   _memccpy
0000f680   _memcmp
00009d00   _memcpy
0000cde0   _memset
0000e320   _modf
0000efc0   _modff
0000ff88   _oneTick
000093e0   _open
00000200   _powf
0000cf00   _printf
00008960   _putc
0000da20   _read
0000f060   _readmsg
0000fea0   _remove
0000fec0   _rewind
00008c40   _setvbuf
00003180   _sin
0000ff98   _sinus
0000ff8c   _timePerTick
000144b4   _tmp
000144b5   _toggle
000144ac   _ton
0000ff94   _track
00013e18   _trackCount
0000f240   _unlink
00000020   _vector1
00000140   _vector10
00000180   _vector12
000001a0   _vector13
000001c0   _vector14
000001e0   _vector15
00000040   _vector2
00000060   _vector3
00000080   _vector4
000000a0   _vector5
000000c0   _vector6
000000e0   _vector7
00000100   _vector8
00000120   _vector9
00000000   _vectors
0000ff84   _volume_DSP
0000db20   _write
0000f2e0   _writemsg
ffffffff   binit
000154e0   cinit
00000000   edata
00000000   end
0000ff20   etext
ffffffff   pinit


GLOBAL SYMBOLS: SORTED BY Symbol Address 

address    name
--------   ----
00000000   $bss
00000000   .bss
00000000   .data
00000000   ___bss__
00000000   ___data__
00000000   ___edata__
00000000   ___end__
00000000   _vectors
00000000   edata
00000000   end
00000001   __TI_args_main
00000020   _vector1
00000040   _vector2
00000060   _vector3
00000080   _vector4
000000a0   _vector5
000000c0   _vector6
000000e0   _vector7
00000100   _vector8
00000120   _vector9
00000140   _vector10
00000180   _vector12
000001a0   _vector13
000001c0   _vector14
000001e0   _vector15
00000200   .text
00000200   ___text__
00000200   _powf
00000400   __STACK_SIZE
00000f40   _convertHeader
00001000   __SYSMEM_SIZE
000013d8   _convertTrack
000016e4   _convertMidi
00001bc0   _control_time
00001be8   _interupt_config
00001db8   _main
00002340   __divd
00003180   _sin
00003da0   __printfi
00004820   _fputs
00005220   __divf
00005bec   _DSK6713_init
00005f08   _DSK6713_rget
00005f1c   _DSK6713_rset
00005f30   _DSK6713_wait
00005f88   _DSK6713_waitusec
00005fb4   _DSK6713_getVersion
00006020   __addf
000068a0   _fread
00006c80   __divull
000073a0   _free
00007720   __frcaddd
00007a40   __mpyd
00007d60   _DSK6713_AIC23_openCodec
00008080   __addd
00008960   _fputc
00008960   _putc
00008c40   _setvbuf
00008f20   __divul
00009180   __mpyf
000093e0   _open
00009ac0   _malloc
00009d00   _memcpy
00009f40   _HOSTrename
0000a160   _ftell
0000a380   _ldexpf
0000a5a0   _create_note
0000a680   _create_lut_sinus
0000a9c0   _frexpf
0000abc0   _fseek
0000af80   _IRQ_map
0000b300   _MCBSP_reset
0000b4a0   __nround
0000b7e0   _DSK6713_LED_init
0000b808   _DSK6713_LED_off
0000b864   _DSK6713_LED_on
0000b8c0   _DSK6713_LED_toggle
0000b980   __closefile
0000bc80   _HOSTlseek
0000bde0   __buff_read
0000bf40   __frcmpyd_div
0000c0a0   _DSK6713_AIC23_rset
0000c13c   _DSK6713_AIC23_rget
0000c160   _DSK6713_AIC23_config
0000c200   _HOSTread
0000c340   __frcmpyd
0000c480   __roundf
0000c5c0   _atoi
0000c700   _ltoa
0000c840   _HOSTopen
0000c960   _HOSTwrite
0000ca80   __wrt_ok
0000cba0   _close
0000ccc0   _fprintf
0000cde0   _memset
0000cf00   _printf
0000d020   _HOSTclose
0000d120   _HOSTunlink
0000d220   _MCBSP_open
0000d320   _MCBSP_start
0000d420   __auto_init
0000d520   __cmpd
0000d720   __divli
0000d920   _lseek
0000da20   _read
0000db20   _write
0000dc20   __cleanup
0000dd00   __doflush
0000dfa0   __rd_ok
0000e080   __strasg
0000e160   _exit
0000e320   _modf
0000e4e0   __cvtdf
0000e5a0   __c6xabi_divu
0000e5a0   __divu
0000e660   __fixdi
0000e720   __remli
0000e7e0   _copy_in
0000e960   _DSK6713_AIC23_setFreq
0000ea20   _MCBSP_config
0000eac0   __cmpf
0000eb60   __fixdli
0000ec00   __fixfi
0000eca0   __fixfu
0000ed40   __llshl
0000ede0   __mpyll
0000ee80   __renormd
0000ef20   _fopen
0000efc0   _modff
0000f060   _readmsg
0000f240   _unlink
0000f2e0   _writemsg
0000f358   C$$IO$$
0000f380   ___TI_cpp_init
0000f400   __fltlid
0000f480   __llshru
0000f500   _c_int00
0000f580   _fclose
0000f600   _memccpy
0000f680   _memcmp
0000f700   _DSK6713_AIC23_write
0000f780   _DSK6713_DIP_init
0000f788   _DSK6713_DIP_get
0000f800   ___isinf
0000f8c0   __cvtfd
0000f920   __fltid
0000f980   __fltif
0000f9e0   __frcmpyf
0000fa40   __subcull
0000faa0   __subd
0000fb00   _DSK6713_AIC23_read
0000fb60   __args_main
0000fba0   __fltuf
0000fbe0   __frcmpyf_div
0000fc20   __negd
0000fc60   __negf
0000fca0   __subf
0000fce0   __trunc
0000fd20   __truncf
0000fd80   _IRQ_setVecs
0000fda0   _MCBSP_write
0000fdc0   __negll
0000fde0   __nop
0000fe80   C$$EXIT
0000fe80   _abort
0000fea0   _remove
0000fec0   _rewind
0000fee0   __IRQ_hookFetchPacket
0000ff00   _c_int11
0000ff20   _AIC_data
0000ff20   ___etext__
0000ff20   etext
0000ff28   _AIC23CfgData
0000ff48   _config
0000ff70   _hAIC23_handle
0000ff74   _hCodec
0000ff78   _fs
0000ff7c   _eventId1
0000ff7e   _counter
0000ff80   _index
0000ff84   _volume_DSP
0000ff88   _oneTick
0000ff8c   _timePerTick
0000ff90   _FreqDivider
0000ff94   _track
0000ff98   _sinus
00013e18   _trackCount
00013e1a   _DSK6713_version
00013e1c   __ftable
00013ffc   __tmpnams
0001413c   __ft_end
00014284   __IRQ_eventTable
00014308   __IRQ_intTable
00014348   __IRQ_dispatchTable
000143c4   _errno
00014438   __MCBSP_hDev0
0001443c   __MCBSP_hDev1
00014494   _last
00014498   _first
000144a0   __cleanup_ptr
000144a4   __dtors_ptr
000144a8   ___TI_enable_exit_profile_output
000144ac   _ton
000144b4   _tmp
000144b5   _toggle
000144b8   _DSK6713_AIC23_codeccontrolhandle
000144bc   _DSK6713_AIC23_codecdatahandle
000144c0   __lock
000144c4   __unlock
000144e0   __sys_memory
000154e0   ___cinit__
000154e0   cinit
00015a20   __stack
00015e20   __STACK_END
00015fb0   __ctypes_
000161bc   __CIOBUF_
ffffffff   ___TI_pprof_out_hndl
ffffffff   ___TI_prof_data_size
ffffffff   ___TI_prof_data_start
ffffffff   ___binit__
ffffffff   ___c_args__
ffffffff   ___pinit__
ffffffff   binit
ffffffff   pinit

[224 symbols]
